#-----------------------------------------------------------
# Vivado v2023.1 (64-bit)
# SW Build 3865809 on Sun May  7 15:05:29 MDT 2023
# IP Build 3864474 on Sun May  7 20:36:21 MDT 2023
# SharedData Build 3865790 on Sun May 07 13:33:03 MDT 2023
# Start of session at: Mon Nov 13 17:47:35 2023
# Process ID: 14900
# Current directory: C:/Users/Miles/Desktop/Interface_Technology/PWM
# Command line: vivado.exe -gui_launcher_event rodinguilauncherevent4608 C:\Users\Miles\Desktop\Interface_Technology\PWM\edit_PWM_v1_0.xpr
# Log file: C:/Users/Miles/Desktop/Interface_Technology/PWM/vivado.log
# Journal file: C:/Users/Miles/Desktop/Interface_Technology/PWM\vivado.jou
# Running On: Chenxuan-RazerBlade, OS: Windows, CPU Frequency: 3294 MHz, CPU Physical cores: 16, Host memory: 16540 MB
#-----------------------------------------------------------
start_gui
open_project C:/Users/Miles/Desktop/Interface_Technology/PWM/edit_PWM_v1_0.xpr
update_compile_order -fileset sources_1
reset_run synth_1
launch_runs synth_1 -jobs 16
wait_on_run synth_1
ipx::open_ipxact_file {C:\Users\Miles\Desktop\Interface_Technology\PWM\component.xml}
set_property core_revision 3 [ipx::current_core]
ipx::create_xgui_files [ipx::current_core]
ipx::update_checksums [ipx::current_core]
ipx::check_integrity [ipx::current_core]
ipx::save_core [ipx::current_core]
update_ip_catalog -rebuild -repo_path c:/Users/Miles/Desktop/Interface_Technology/PWM
