#-----------------------------------------------------------
# Vivado v2023.1 (64-bit)
# SW Build 3865809 on Sun May  7 15:05:29 MDT 2023
# IP Build 3864474 on Sun May  7 20:36:21 MDT 2023
# SharedData Build 3865790 on Sun May 07 13:33:03 MDT 2023
# Start of session at: Tue Nov 14 22:37:15 2023
# Process ID: 19848
# Current directory: C:/Users/Miles/Desktop/Interface_Technology/Verilog_1
# Command line: vivado.exe -gui_launcher_event rodinguilauncherevent18660 C:\Users\Miles\Desktop\Interface_Technology\Verilog_1\project_2.xpr
# Log file: C:/Users/Miles/Desktop/Interface_Technology/Verilog_1/vivado.log
# Journal file: C:/Users/Miles/Desktop/Interface_Technology/Verilog_1\vivado.jou
# Running On: Chenxuan-RazerBlade, OS: Windows, CPU Frequency: 3294 MHz, CPU Physical cores: 16, Host memory: 16540 MB
#-----------------------------------------------------------
start_gui
open_project C:/Users/Miles/Desktop/Interface_Technology/Verilog_1/project_2.xpr
open_bd_design {C:/Users/Miles/Desktop/Interface_Technology/Verilog_1/project_2.srcs/sources_1/bd/swerv_soc/swerv_soc.bd}
update_compile_order -fileset sources_1
