#-----------------------------------------------------------
# Vivado v2023.1 (64-bit)
# SW Build 3865809 on Sun May  7 15:05:29 MDT 2023
# IP Build 3864474 on Sun May  7 20:36:21 MDT 2023
# SharedData Build 3865790 on Sun May 07 13:33:03 MDT 2023
# Start of session at: Fri Nov 10 13:37:32 2023
# Process ID: 7604
# Current directory: C:/Users/Miles/Desktop/Interface_Technology/Verilog_1/project_2.runs/swerv_soc_wb_gpio_wrapper_0_0_synth_1
# Command line: vivado.exe -log swerv_soc_wb_gpio_wrapper_0_0.vds -product Vivado -mode batch -messageDb vivado.pb -notrace -source swerv_soc_wb_gpio_wrapper_0_0.tcl
# Log file: C:/Users/Miles/Desktop/Interface_Technology/Verilog_1/project_2.runs/swerv_soc_wb_gpio_wrapper_0_0_synth_1/swerv_soc_wb_gpio_wrapper_0_0.vds
# Journal file: C:/Users/Miles/Desktop/Interface_Technology/Verilog_1/project_2.runs/swerv_soc_wb_gpio_wrapper_0_0_synth_1\vivado.jou
# Running On: Chenxuan-RazerBlade, OS: Windows, CPU Frequency: 3294 MHz, CPU Physical cores: 16, Host memory: 16540 MB
#-----------------------------------------------------------
source swerv_soc_wb_gpio_wrapper_0_0.tcl -notrace
